 ./make_experiments.py
Found 15 source font(s): ['Amiri-Bold.ttf', 'Amiri-BoldItalic.ttf', 'Amiri-Italic.ttf', 'Amiri-Regular.ttf', 'Cheiro-Regular.ttf', 'Clypto-Regular.ttf', 'CursiveGalactic-Regular.ttf', 'Lingojam_cipher-Regular.ttf', 'Logico_philosophicus-Regular.ttf', 'NovaMonoStandardGalactic.ttf', 'Sga-Regular.ttf', 'Systada-Regular.ttf', 'Systada.ttf', 'dactyl.ttf', 'shapeform.ttf']
Output: experiments/  |  Steps per series: 8


============================================================
Source: Amiri-Bold.ttf
============================================================
  → experiments/static/Amiri-Bold_jitter_mild.ttf
  → experiments/static/Amiri-Bold_jitter_heavy.ttf
  → experiments/static/Amiri-Bold_gaussian_mild.ttf
  → experiments/static/Amiri-Bold_gaussian_heavy.ttf
  → experiments/static/Amiri-Bold_condense_60.ttf
  → experiments/static/Amiri-Bold_condense_80.ttf
  → experiments/static/Amiri-Bold_expand_120.ttf
  → experiments/static/Amiri-Bold_expand_150.ttf
  → experiments/static/Amiri-Bold_shear_fwd_10.ttf
  → experiments/static/Amiri-Bold_shear_fwd_25.ttf
  → experiments/static/Amiri-Bold_shear_back_10.ttf
  → experiments/static/Amiri-Bold_vshear_10.ttf
  → experiments/static/Amiri-Bold_vshear_neg10.ttf
  → experiments/static/Amiri-Bold_droop_mild.ttf
  → experiments/static/Amiri-Bold_droop_heavy.ttf
  → experiments/static/Amiri-Bold_asc_evap_30.ttf
  → experiments/static/Amiri-Bold_asc_evap_70.ttf
  → experiments/static/Amiri-Bold_desc_erode_50.ttf
  → experiments/static/Amiri-Bold_stroke_collapse_30.ttf
  → experiments/static/Amiri-Bold_stroke_collapse_70.ttf
  → experiments/static/Amiri-Bold_quantize_8.ttf
  → experiments/static/Amiri-Bold_quantize_16.ttf
  → experiments/static/Amiri-Bold_quantize_32.ttf
  → experiments/static/Amiri-Bold_wave_mild.ttf
  → experiments/static/Amiri-Bold_wave_heavy.ttf
  → experiments/static/Amiri-Bold_radial_mild.ttf
Traceback (most recent call last):
  File "/home/flyxion/miniconda3/lib/python3.13/site-packages/fontTools/misc/sstruct.py", line 80, in pack
    struct.pack(names[name], value)
    ~~~~~~~~~~~^^^^^^^^^^^^^^^^^^^^
struct.error: 'h' format requires -32768 <= number <= 32767

The above exception was the direct cause of the following exception:

Traceback (most recent call last):
  File "/mnt/c/Users/nateg/OneDrive/Documentos/GitHub/fonts/./make_experiments.py", line 473, in <module>
    main()
    ~~~~^^
  File "/mnt/c/Users/nateg/OneDrive/Documentos/GitHub/fonts/./make_experiments.py", line 356, in main
    save_font(font, static_dir / f"{stem}_{name}.ttf")
    ~~~~~~~~~^^^^^^^^^^^^^^^^^^^^^^^^^^^^^^^^^^^^^^^^^
  File "/mnt/c/Users/nateg/OneDrive/Documentos/GitHub/fonts/./make_experiments.py", line 65, in save_font
    font.save(str(path))
    ~~~~~~~~~^^^^^^^^^^^
  File "/home/flyxion/miniconda3/lib/python3.13/site-packages/fontTools/ttLib/ttFont.py", line 226, in save
    writer_reordersTables = self._save(tmp)
  File "/home/flyxion/miniconda3/lib/python3.13/site-packages/fontTools/ttLib/ttFont.py", line 273, in _save
    self._writeTable(tag, writer, done, tableCache)
    ~~~~~~~~~~~~~~~~^^^^^^^^^^^^^^^^^^^^^^^^^^^^^^^
  File "/home/flyxion/miniconda3/lib/python3.13/site-packages/fontTools/ttLib/ttFont.py", line 721, in _writeTable
    tabledata = self.getTableData(tag)
  File "/home/flyxion/miniconda3/lib/python3.13/site-packages/fontTools/ttLib/ttFont.py", line 743, in getTableData
    return self.tables[tag].compile(self)
           ~~~~~~~~~~~~~~~~~~~~~~~~^^^^^^
  File "/home/flyxion/miniconda3/lib/python3.13/site-packages/fontTools/ttLib/tables/_h_h_e_a.py", line 78, in compile
    return sstruct.pack(hheaFormat, self)
           ~~~~~~~~~~~~^^^^^^^^^^^^^^^^^^
  File "/home/flyxion/miniconda3/lib/python3.13/site-packages/fontTools/misc/sstruct.py", line 82, in pack
    raise ValueError(
        "Value %s does not fit in format %s for %s" % (value, names[name], name)
    ) from e
ValueError: Value 32835 does not fit in format h for xMaxExtent
